#
# There is insufficient memory for the Java Runtime Environment to continue.
# Native memory allocation (mmap) failed to map 100663296 bytes. Error detail: G1 virtual space
# Possible reasons:
#   The system is out of physical RAM or swap space
#   This process is running with CompressedOops enabled, and the Java Heap may be blocking the growth of the native heap
# Possible solutions:
#   Reduce memory load on the system
#   Increase physical memory or swap space
#   Check if swap backing store is full
#   Decrease Java heap size (-Xmx/-Xms)
#   Decrease number of Java threads
#   Decrease Java thread stack sizes (-Xss)
#   Set larger code cache with -XX:ReservedCodeCacheSize=
#   JVM is running with Unscaled Compressed Oops mode in which the Java heap is
#     placed in the first 4GB address space. The Java Heap base address is the
#     maximum limit for the native heap growth. Please use -XX:HeapBaseMinAddress
#     to set the Java Heap base and to place the Java Heap above 4GB virtual address.
# This output file may be truncated or incomplete.
#
#  Out of Memory Error (os_windows.cpp:3925), pid=22372, tid=10148
#
# JRE version: OpenJDK Runtime Environment (21.0.9) (build 21.0.9+-14649483-b1163.86)
# Java VM: OpenJDK 64-Bit Server VM (21.0.9+-14649483-b1163.86, mixed mode, tiered, compressed oops, compressed class ptrs, g1 gc, windows-amd64)
# No core dump will be written. Minidumps are not enabled by default on client versions of Windows
#

---------------  S U M M A R Y ------------

Command Line: org.jetbrains.kotlin.cli.jvm.K2JVMCompiler @C:\Users\user\OneDrive\Desktop\BUDAKATTU-SANTE\app\build\20260503_11709307837860166130.compiler.options

Host: AMD Ryzen 5 5500U with Radeon Graphics         , 12 cores, 5G,  Windows 11 , 64 bit Build 26100 (10.0.26100.8246)
Time: Sun May  3 20:43:08 2026 India Standard Time elapsed time: 13.791731 seconds (0d 0h 0m 13s)

---------------  T H R E A D  ---------------

Current thread (0x000001f2517860d0):  VMThread "VM Thread"          [id=10148, stack(0x00000063ea400000,0x00000063ea500000) (1024K)]

Stack: [0x00000063ea400000,0x00000063ea500000]
Native frames: (J=compiled Java code, j=interpreted, Vv=VM code, C=native code)
V  [jvm.dll+0x6d6c99]
V  [jvm.dll+0x866b83]
V  [jvm.dll+0x86919e]
V  [jvm.dll+0x869883]
V  [jvm.dll+0x280776]
V  [jvm.dll+0x6d3555]
V  [jvm.dll+0x6c6bea]
V  [jvm.dll+0x3587fb]
V  [jvm.dll+0x360476]
V  [jvm.dll+0x3b2646]
V  [jvm.dll+0x3b2918]
V  [jvm.dll+0x32af0c]
V  [jvm.dll+0x32af97]
V  [jvm.dll+0x370e7c]
V  [jvm.dll+0x36f62e]
V  [jvm.dll+0x32a661]
V  [jvm.dll+0x36ed30]
V  [jvm.dll+0x86f608]
V  [jvm.dll+0x870984]
V  [jvm.dll+0x870ec0]
V  [jvm.dll+0x871153]
V  [jvm.dll+0x80f118]
V  [jvm.dll+0x6d54ed]
C  [ucrtbase.dll+0x37b0]
C  [KERNEL32.DLL+0x2e8d7]
C  [ntdll.dll+0x8c3fc]

VM_Operation (0x00000063e9df7640): G1CollectForAllocation, mode: safepoint, requested by thread 0x000001f23838f3c0


---------------  P R O C E S S  ---------------

Threads class SMR info:
_java_thread_list=0x000001f251b02520, length=11, elements={
0x000001f23838f3c0, 0x000001f2519371c0, 0x000001f251946c20, 0x000001f25193c160,
0x000001f25193dcd0, 0x000001f251960460, 0x000001f251960ec0, 0x000001f25196a940,
0x000001f25198b6e0, 0x000001f2519946b0, 0x000001f251b2fb60
}

Java Threads: ( => current thread )
  0x000001f23838f3c0 JavaThread "main"                              [_thread_blocked, id=23164, stack(0x00000063e9d00000,0x00000063e9e00000) (1024K)]
  0x000001f2519371c0 JavaThread "Common-Cleaner"             daemon [_thread_blocked, id=20216, stack(0x00000063ea500000,0x00000063ea600000) (1024K)]
  0x000001f251946c20 JavaThread "Reference Handler"          daemon [_thread_blocked, id=18548, stack(0x00000063ea600000,0x00000063ea700000) (1024K)]
  0x000001f25193c160 JavaThread "Finalizer"                  daemon [_thread_blocked, id=20412, stack(0x00000063ea700000,0x00000063ea800000) (1024K)]
  0x000001f25193dcd0 JavaThread "Signal Dispatcher"          daemon [_thread_blocked, id=22824, stack(0x00000063ea800000,0x00000063ea900000) (1024K)]
  0x000001f251960460 JavaThread "Attach Listener"            daemon [_thread_blocked, id=6916, stack(0x00000063ea900000,0x00000063eaa00000) (1024K)]
  0x000001f251960ec0 JavaThread "Service Thread"             daemon [_thread_blocked, id=22936, stack(0x00000063eaa00000,0x00000063eab00000) (1024K)]
  0x000001f25196a940 JavaThread "Monitor Deflation Thread"   daemon [_thread_blocked, id=15800, stack(0x00000063eab00000,0x00000063eac00000) (1024K)]
  0x000001f25198b6e0 JavaThread "C2 CompilerThread0"         daemon [_thread_blocked, id=7512, stack(0x00000063eac00000,0x00000063ead00000) (1024K)]
  0x000001f2519946b0 JavaThread "C1 CompilerThread0"         daemon [_thread_blocked, id=764, stack(0x00000063ead00000,0x00000063eae00000) (1024K)]
  0x000001f251b2fb60 JavaThread "Notification Thread"        daemon [_thread_blocked, id=14496, stack(0x00000063eae00000,0x00000063eaf00000) (1024K)]
Total: 11

Other Threads:
=>0x000001f2517860d0 VMThread "VM Thread"                           [id=10148, stack(0x00000063ea400000,0x00000063ea500000) (1024K)]
  0x000001f251725e80 WatcherThread "VM Periodic Task Thread"        [id=8244, stack(0x00000063ea300000,0x00000063ea400000) (1024K)]
  0x000001f23a75f100 WorkerThread "GC Thread#0"                     [id=7532, stack(0x00000063e9e00000,0x00000063e9f00000) (1024K)]
  0x000001f2566005f0 WorkerThread "GC Thread#1"                     [id=23180, stack(0x00000063eaf00000,0x00000063eb000000) (1024K)]
  0x000001f2565da690 WorkerThread "GC Thread#2"                     [id=14124, stack(0x00000063eb000000,0x00000063eb100000) (1024K)]
  0x000001f2565daa30 WorkerThread "GC Thread#3"                     [id=9356, stack(0x00000063eb100000,0x00000063eb200000) (1024K)]
  0x000001f2565dadd0 WorkerThread "GC Thread#4"                     [id=10656, stack(0x00000063eb200000,0x00000063eb300000) (1024K)]
  0x000001f2565db570 WorkerThread "GC Thread#5"                     [id=10252, stack(0x00000063eb300000,0x00000063eb400000) (1024K)]
  0x000001f2566ab590 WorkerThread "GC Thread#6"                     [id=5628, stack(0x00000063eb400000,0x00000063eb500000) (1024K)]
  0x000001f2566aa370 WorkerThread "GC Thread#7"                     [id=15056, stack(0x00000063eb500000,0x00000063eb600000) (1024K)]
  0x000001f256e36810 WorkerThread "GC Thread#8"                     [id=932, stack(0x00000063eb800000,0x00000063eb900000) (1024K)]
  0x000001f256e360d0 WorkerThread "GC Thread#9"                     [id=13124, stack(0x00000063eb900000,0x00000063eba00000) (1024K)]
  0x000001f23a76bc20 ConcurrentGCThread "G1 Main Marker"            [id=5916, stack(0x00000063e9f00000,0x00000063ea000000) (1024K)]
  0x000001f23a76f020 WorkerThread "G1 Conc#0"                       [id=22044, stack(0x00000063ea000000,0x00000063ea100000) (1024K)]
  0x000001f2566aae50 WorkerThread "G1 Conc#1"                       [id=12676, stack(0x00000063eb600000,0x00000063eb700000) (1024K)]
  0x000001f2566ab930 WorkerThread "G1 Conc#2"                       [id=16904, stack(0x00000063eb700000,0x00000063eb800000) (1024K)]
  0x000001f2515f30c0 ConcurrentGCThread "G1 Refine#0"               [id=6868, stack(0x00000063ea100000,0x00000063ea200000) (1024K)]
  0x000001f2515f38e0 ConcurrentGCThread "G1 Service"                [id=17104, stack(0x00000063ea200000,0x00000063ea300000) (1024K)]
Total: 18

Threads with active compile tasks:
C2 CompilerThread0  13827 6503       4       org.jetbrains.kotlin.protobuf.SmallSortedMap::put (142 bytes)
C1 CompilerThread0  13827 7011   !   3       org.jetbrains.kotlin.metadata.ProtoBuf$Function::<init> (1410 bytes)
Total: 2

VM state: at safepoint (normal execution)

VM Mutex/Monitor currently owned by a thread:  ([mutex/lock_event])
[0x00007ffab9f58690] Threads_lock - owner thread: 0x000001f2517860d0
[0x00007ffab9f58790] Heap_lock - owner thread: 0x000001f23838f3c0

Heap address: 0x00000000a2600000, size: 1498 MB, Compressed Oops mode: 32-bit

CDS archive(s) not mapped
Compressed class space mapped at: 0x0000000100000000-0x0000000140000000, reserved size: 1073741824
Narrow klass base: 0x0000000000000000, Narrow klass shift: 3, Narrow klass range: 0x140000000

GC Precious Log:
 CardTable entry size: 512
 Card Set container configuration: InlinePtr #cards 5 size 8 Array Of Cards #cards 12 size 40 Howl #buckets 4 coarsen threshold 1843 Howl Bitmap #cards 512 size 80 coarsen threshold 460 Card regions per heap region 1 cards per card region 2048
 CPUs: 12 total, 12 available
 Memory: 5989M
 Large Page Support: Disabled
 NUMA Support: Disabled
 Compressed Oops: Enabled (32-bit)
 Heap Region Size: 1M
 Heap Min Capacity: 8M
 Heap Initial Capacity: 94M
 Heap Max Capacity: 1498M
 Pre-touch: Disabled
 Parallel Workers: 10
 Concurrent Workers: 3
 Concurrent Refinement Workers: 10
 Periodic GC: Disabled

Heap:
 garbage-first heap   total 135168K, used 99800K [0x00000000a2600000, 0x0000000100000000)
  region size 1024K, 4 young (4096K), 4 survivors (4096K)
 Metaspace       used 58093K, committed 58432K, reserved 1114112K
  class space    used 6714K, committed 6848K, reserved 1048576K

Heap Regions: E=young(eden), S=young(survivor), O=old, HS=humongous(starts), HC=humongous(continues), CS=collection set, F=free, TAMS=top-at-mark-start, PB=parsable bottom
|   0|0x00000000a2600000, 0x00000000a2700000, 0x00000000a2700000|100%|HS|  |TAMS 0x00000000a2700000| PB 0x00000000a2600000| Complete 
|   1|0x00000000a2700000, 0x00000000a2800000, 0x00000000a2800000|100%|HC|  |TAMS 0x00000000a2800000| PB 0x00000000a2700000| Complete 
|   2|0x00000000a2800000, 0x00000000a2900000, 0x00000000a2900000|100%|HC|  |TAMS 0x00000000a2900000| PB 0x00000000a2800000| Complete 
|   3|0x00000000a2900000, 0x00000000a2a00000, 0x00000000a2a00000|100%| O|  |TAMS 0x00000000a2a00000| PB 0x00000000a2900000| Untracked 
|   4|0x00000000a2a00000, 0x00000000a2b00000, 0x00000000a2b00000|100%| O|  |TAMS 0x00000000a2b00000| PB 0x00000000a2a00000| Untracked 
|   5|0x00000000a2b00000, 0x00000000a2c00000, 0x00000000a2c00000|100%| O|  |TAMS 0x00000000a2c00000| PB 0x00000000a2b00000| Untracked 
|   6|0x00000000a2c00000, 0x00000000a2d00000, 0x00000000a2d00000|100%| O|  |TAMS 0x00000000a2d00000| PB 0x00000000a2c00000| Untracked 
|   7|0x00000000a2d00000, 0x00000000a2e00000, 0x00000000a2e00000|100%| O|  |TAMS 0x00000000a2e00000| PB 0x00000000a2d00000| Untracked 
|   8|0x00000000a2e00000, 0x00000000a2f00000, 0x00000000a2f00000|100%| O|  |TAMS 0x00000000a2f00000| PB 0x00000000a2e00000| Untracked 
|   9|0x00000000a2f00000, 0x00000000a3000000, 0x00000000a3000000|100%| O|  |TAMS 0x00000000a3000000| PB 0x00000000a2f00000| Untracked 
|  10|0x00000000a3000000, 0x00000000a3100000, 0x00000000a3100000|100%| O|  |TAMS 0x00000000a3100000| PB 0x00000000a3000000| Untracked 
|  11|0x00000000a3100000, 0x00000000a3200000, 0x00000000a3200000|100%| O|  |TAMS 0x00000000a3200000| PB 0x00000000a3100000| Untracked 
|  12|0x00000000a3200000, 0x00000000a3300000, 0x00000000a3300000|100%| O|  |TAMS 0x00000000a3300000| PB 0x00000000a3200000| Untracked 
|  13|0x00000000a3300000, 0x00000000a3400000, 0x00000000a3400000|100%| O|  |TAMS 0x00000000a3400000| PB 0x00000000a3300000| Untracked 
|  14|0x00000000a3400000, 0x00000000a3500000, 0x00000000a3500000|100%| O|  |TAMS 0x00000000a3500000| PB 0x00000000a3400000| Untracked 
|  15|0x00000000a3500000, 0x00000000a3600000, 0x00000000a3600000|100%| O|  |TAMS 0x00000000a3600000| PB 0x00000000a3500000| Untracked 
|  16|0x00000000a3600000, 0x00000000a3700000, 0x00000000a3700000|100%| O|  |TAMS 0x00000000a3700000| PB 0x00000000a3600000| Untracked 
|  17|0x00000000a3700000, 0x00000000a3800000, 0x00000000a3800000|100%| O|  |TAMS 0x00000000a3800000| PB 0x00000000a3700000| Untracked 
|  18|0x00000000a3800000, 0x00000000a3900000, 0x00000000a3900000|100%| O|  |TAMS 0x00000000a3900000| PB 0x00000000a3800000| Untracked 
|  19|0x00000000a3900000, 0x00000000a3a00000, 0x00000000a3a00000|100%| O|  |TAMS 0x00000000a3a00000| PB 0x00000000a3900000| Untracked 
|  20|0x00000000a3a00000, 0x00000000a3b00000, 0x00000000a3b00000|100%| O|  |TAMS 0x00000000a3b00000| PB 0x00000000a3a00000| Untracked 
|  21|0x00000000a3b00000, 0x00000000a3c00000, 0x00000000a3c00000|100%| O|  |TAMS 0x00000000a3c00000| PB 0x00000000a3b00000| Untracked 
|  22|0x00000000a3c00000, 0x00000000a3d00000, 0x00000000a3d00000|100%| O|  |TAMS 0x00000000a3d00000| PB 0x00000000a3c00000| Untracked 
|  23|0x00000000a3d00000, 0x00000000a3e00000, 0x00000000a3e00000|100%| O|  |TAMS 0x00000000a3e00000| PB 0x00000000a3d00000| Untracked 
|  24|0x00000000a3e00000, 0x00000000a3f00000, 0x00000000a3f00000|100%| O|  |TAMS 0x00000000a3f00000| PB 0x00000000a3e00000| Untracked 
|  25|0x00000000a3f00000, 0x00000000a4000000, 0x00000000a4000000|100%| O|  |TAMS 0x00000000a4000000| PB 0x00000000a3f00000| Untracked 
|  26|0x00000000a4000000, 0x00000000a4100000, 0x00000000a4100000|100%| O|  |TAMS 0x00000000a4100000| PB 0x00000000a4000000| Untracked 
|  27|0x00000000a4100000, 0x00000000a4200000, 0x00000000a4200000|100%| O|  |TAMS 0x00000000a4200000| PB 0x00000000a4100000| Untracked 
|  28|0x00000000a4200000, 0x00000000a4300000, 0x00000000a4300000|100%| O|  |TAMS 0x00000000a4300000| PB 0x00000000a4200000| Untracked 
|  29|0x00000000a4300000, 0x00000000a4400000, 0x00000000a4400000|100%| O|  |TAMS 0x00000000a4400000| PB 0x00000000a4300000| Untracked 
|  30|0x00000000a4400000, 0x00000000a4500000, 0x00000000a4500000|100%| O|  |TAMS 0x00000000a4500000| PB 0x00000000a4400000| Untracked 
|  31|0x00000000a4500000, 0x00000000a4600000, 0x00000000a4600000|100%| O|  |TAMS 0x00000000a4600000| PB 0x00000000a4500000| Untracked 
|  32|0x00000000a4600000, 0x00000000a4700000, 0x00000000a4700000|100%| O|  |TAMS 0x00000000a4700000| PB 0x00000000a4600000| Untracked 
|  33|0x00000000a4700000, 0x00000000a4800000, 0x00000000a4800000|100%| O|  |TAMS 0x00000000a4800000| PB 0x00000000a4700000| Untracked 
|  34|0x00000000a4800000, 0x00000000a4900000, 0x00000000a4900000|100%| O|  |TAMS 0x00000000a4900000| PB 0x00000000a4800000| Untracked 
|  35|0x00000000a4900000, 0x00000000a4a00000, 0x00000000a4a00000|100%| O|  |TAMS 0x00000000a4a00000| PB 0x00000000a4900000| Untracked 
|  36|0x00000000a4a00000, 0x00000000a4b00000, 0x00000000a4b00000|100%| O|  |TAMS 0x00000000a4b00000| PB 0x00000000a4a00000| Untracked 
|  37|0x00000000a4b00000, 0x00000000a4c00000, 0x00000000a4c00000|100%| O|  |TAMS 0x00000000a4c00000| PB 0x00000000a4b00000| Untracked 
|  38|0x00000000a4c00000, 0x00000000a4d00000, 0x00000000a4d00000|100%| O|  |TAMS 0x00000000a4d00000| PB 0x00000000a4c00000| Untracked 
|  39|0x00000000a4d00000, 0x00000000a4e00000, 0x00000000a4e00000|100%| O|  |TAMS 0x00000000a4e00000| PB 0x00000000a4d00000| Untracked 
|  40|0x00000000a4e00000, 0x00000000a4f00000, 0x00000000a4f00000|100%| O|  |TAMS 0x00000000a4f00000| PB 0x00000000a4e00000| Untracked 
|  41|0x00000000a4f00000, 0x00000000a5000000, 0x00000000a5000000|100%| O|  |TAMS 0x00000000a5000000| PB 0x00000000a4f00000| Untracked 
|  42|0x00000000a5000000, 0x00000000a5100000, 0x00000000a5100000|100%| O|  |TAMS 0x00000000a5100000| PB 0x00000000a5000000| Untracked 
|  43|0x00000000a5100000, 0x00000000a5200000, 0x00000000a5200000|100%| O|  |TAMS 0x00000000a5100000| PB 0x00000000a5100000| Untracked 
|  44|0x00000000a5200000, 0x00000000a5300000, 0x00000000a5300000|100%| O|  |TAMS 0x00000000a5200000| PB 0x00000000a5200000| Untracked 
|  45|0x00000000a5300000, 0x00000000a5400000, 0x00000000a5400000|100%| O|  |TAMS 0x00000000a5400000| PB 0x00000000a5300000| Untracked 
|  46|0x00000000a5400000, 0x00000000a5500000, 0x00000000a5500000|100%| O|  |TAMS 0x00000000a5500000| PB 0x00000000a5400000| Untracked 
|  47|0x00000000a5500000, 0x00000000a5600000, 0x00000000a5600000|100%| O|  |TAMS 0x00000000a5600000| PB 0x00000000a5500000| Untracked 
|  48|0x00000000a5600000, 0x00000000a5700000, 0x00000000a5700000|100%| O|  |TAMS 0x00000000a5700000| PB 0x00000000a5600000| Untracked 
|  49|0x00000000a5700000, 0x00000000a5800000, 0x00000000a5800000|100%| O|  |TAMS 0x00000000a5800000| PB 0x00000000a5700000| Untracked 
|  50|0x00000000a5800000, 0x00000000a5900000, 0x00000000a5900000|100%| O|  |TAMS 0x00000000a5900000| PB 0x00000000a5800000| Untracked 
|  51|0x00000000a5900000, 0x00000000a5a00000, 0x00000000a5a00000|100%| O|  |TAMS 0x00000000a5a00000| PB 0x00000000a5900000| Untracked 
|  52|0x00000000a5a00000, 0x00000000a5b00000, 0x00000000a5b00000|100%| O|  |TAMS 0x00000000a5b00000| PB 0x00000000a5a00000| Untracked 
|  53|0x00000000a5b00000, 0x00000000a5c00000, 0x00000000a5c00000|100%| O|  |TAMS 0x00000000a5c00000| PB 0x00000000a5b00000| Untracked 
|  54|0x00000000a5c00000, 0x00000000a5d00000, 0x00000000a5d00000|100%| O|  |TAMS 0x00000000a5d00000| PB 0x00000000a5c00000| Untracked 
|  55|0x00000000a5d00000, 0x00000000a5e00000, 0x00000000a5e00000|100%| O|  |TAMS 0x00000000a5e00000| PB 0x00000000a5d00000| Untracked 
|  56|0x00000000a5e00000, 0x00000000a5f00000, 0x00000000a5f00000|100%| O|  |TAMS 0x00000000a5f00000| PB 0x00000000a5e00000| Untracked 
|  57|0x00000000a5f00000, 0x00000000a6000000, 0x00000000a6000000|100%| O|  |TAMS 0x00000000a6000000| PB 0x00000000a5f00000| Untracked 
|  58|0x00000000a6000000, 0x00000000a6100000, 0x00000000a6100000|100%| O|  |TAMS 0x00000000a6100000| PB 0x00000000a6000000| Untracked 
|  59|0x00000000a6100000, 0x00000000a6200000, 0x00000000a6200000|100%| O|  |TAMS 0x00000000a6200000| PB 0x00000000a6100000| Untracked 
|  60|0x00000000a6200000, 0x00000000a6300000, 0x00000000a6300000|100%| O|  |TAMS 0x00000000a6300000| PB 0x00000000a6200000| Untracked 
|  61|0x00000000a6300000, 0x00000000a6400000, 0x00000000a6400000|100%| O|  |TAMS 0x00000000a6400000| PB 0x00000000a6300000| Untracked 
|  62|0x00000000a6400000, 0x00000000a6500000, 0x00000000a6500000|100%| O|  |TAMS 0x00000000a6500000| PB 0x00000000a6400000| Untracked 
|  63|0x00000000a6500000, 0x00000000a6600000, 0x00000000a6600000|100%| O|  |TAMS 0x00000000a6600000| PB 0x00000000a6500000| Untracked 
|  64|0x00000000a6600000, 0x00000000a6700000, 0x00000000a6700000|100%| O|  |TAMS 0x00000000a6700000| PB 0x00000000a6600000| Untracked 
|  65|0x00000000a6700000, 0x00000000a6800000, 0x00000000a6800000|100%| O|  |TAMS 0x00000000a6800000| PB 0x00000000a6700000| Untracked 
|  66|0x00000000a6800000, 0x00000000a6900000, 0x00000000a6900000|100%| O|  |TAMS 0x00000000a6900000| PB 0x00000000a6800000| Untracked 
|  67|0x00000000a6900000, 0x00000000a6a00000, 0x00000000a6a00000|100%| O|  |TAMS 0x00000000a6a00000| PB 0x00000000a6900000| Untracked 
|  68|0x00000000a6a00000, 0x00000000a6b00000, 0x00000000a6b00000|100%| O|  |TAMS 0x00000000a6b00000| PB 0x00000000a6a00000| Untracked 
|  69|0x00000000a6b00000, 0x00000000a6c00000, 0x00000000a6c00000|100%| O|  |TAMS 0x00000000a6c00000| PB 0x00000000a6b00000| Untracked 
|  70|0x00000000a6c00000, 0x00000000a6d00000, 0x00000000a6d00000|100%| O|  |TAMS 0x00000000a6d00000| PB 0x00000000a6c00000| Untracked 
|  71|0x00000000a6d00000, 0x00000000a6e00000, 0x00000000a6e00000|100%| O|  |TAMS 0x00000000a6e00000| PB 0x00000000a6d00000| Untracked 
|  72|0x00000000a6e00000, 0x00000000a6f00000, 0x00000000a6f00000|100%| O|  |TAMS 0x00000000a6f00000| PB 0x00000000a6e00000| Untracked 
|  73|0x00000000a6f00000, 0x00000000a7000000, 0x00000000a7000000|100%| O|  |TAMS 0x00000000a7000000| PB 0x00000000a6f00000| Untracked 
|  74|0x00000000a7000000, 0x00000000a7100000, 0x00000000a7100000|100%| O|  |TAMS 0x00000000a7100000| PB 0x00000000a7000000| Untracked 
|  75|0x00000000a7100000, 0x00000000a7200000, 0x00000000a7200000|100%| O|  |TAMS 0x00000000a7200000| PB 0x00000000a7100000| Untracked 
|  76|0x00000000a7200000, 0x00000000a7300000, 0x00000000a7300000|100%| O|  |TAMS 0x00000000a7300000| PB 0x00000000a7200000| Untracked 
|  77|0x00000000a7300000, 0x00000000a7400000, 0x00000000a7400000|100%| O|  |TAMS 0x00000000a7400000| PB 0x00000000a7300000| Untracked 
|  78|0x00000000a7400000, 0x00000000a7500000, 0x00000000a7500000|100%| O|  |TAMS 0x00000000a7500000| PB 0x00000000a7400000| Untracked 
|  79|0x00000000a7500000, 0x00000000a7600000, 0x00000000a7600000|100%| O|  |TAMS 0x00000000a7600000| PB 0x00000000a7500000| Untracked 
|  80|0x00000000a7600000, 0x00000000a7700000, 0x00000000a7700000|100%| O|  |TAMS 0x00000000a7700000| PB 0x00000000a7600000| Untracked 
|  81|0x00000000a7700000, 0x00000000a7800000, 0x00000000a7800000|100%| O|  |TAMS 0x00000000a7800000| PB 0x00000000a7700000| Untracked 
|  82|0x00000000a7800000, 0x00000000a7900000, 0x00000000a7900000|100%| O|  |TAMS 0x00000000a7900000| PB 0x00000000a7800000| Untracked 
|  83|0x00000000a7900000, 0x00000000a7a00000, 0x00000000a7a00000|100%| O|  |TAMS 0x00000000a79fe3c0| PB 0x00000000a7900000| Untracked 
|  84|0x00000000a7a00000, 0x00000000a7b00000, 0x00000000a7b00000|100%| O|  |TAMS 0x00000000a7a00000| PB 0x00000000a7a00000| Untracked 
|  85|0x00000000a7b00000, 0x00000000a7c00000, 0x00000000a7c00000|100%| O|  |TAMS 0x00000000a7b00000| PB 0x00000000a7b00000| Untracked 
|  86|0x00000000a7c00000, 0x00000000a7d00000, 0x00000000a7d00000|100%| O|  |TAMS 0x00000000a7c00000| PB 0x00000000a7c00000| Untracked 
|  87|0x00000000a7d00000, 0x00000000a7e00000, 0x00000000a7e00000|100%| O|  |TAMS 0x00000000a7d00000| PB 0x00000000a7d00000| Untracked 
|  88|0x00000000a7e00000, 0x00000000a7e76348, 0x00000000a7f00000| 46%| O|  |TAMS 0x00000000a7e00000| PB 0x00000000a7e00000| Untracked 
|  89|0x00000000a7f00000, 0x00000000a7f00000, 0x00000000a8000000|  0%| F|  |TAMS 0x00000000a7f00000| PB 0x00000000a7f00000| Untracked 
|  90|0x00000000a8000000, 0x00000000a8000000, 0x00000000a8100000|  0%| F|  |TAMS 0x00000000a8000000| PB 0x00000000a8000000| Untracked 
|  91|0x00000000a8100000, 0x00000000a8100000, 0x00000000a8200000|  0%| F|  |TAMS 0x00000000a8100000| PB 0x00000000a8100000| Untracked 
|  92|0x00000000a8200000, 0x00000000a8200000, 0x00000000a8300000|  0%| F|  |TAMS 0x00000000a8200000| PB 0x00000000a8200000| Untracked 
|  93|0x00000000a8300000, 0x00000000a8300000, 0x00000000a8400000|  0%| F|  |TAMS 0x00000000a8300000| PB 0x00000000a8300000| Untracked 
|  94|0x00000000a8400000, 0x00000000a8500000, 0x00000000a8500000|100%| S|CS|TAMS 0x00000000a8400000| PB 0x00000000a8400000| Complete 
|  95|0x00000000a8500000, 0x00000000a8500000, 0x00000000a8600000|  0%| F|  |TAMS 0x00000000a8500000| PB 0x00000000a8500000| Untracked 
|  96|0x00000000a8600000, 0x00000000a8600000, 0x00000000a8700000|  0%| F|  |TAMS 0x00000000a8600000| PB 0x00000000a8600000| Untracked 
|  97|0x00000000a8700000, 0x00000000a8700000, 0x00000000a8800000|  0%| F|  |TAMS 0x00000000a8700000| PB 0x00000000a8700000| Untracked 
|  98|0x00000000a8800000, 0x00000000a8800000, 0x00000000a8900000|  0%| F|  |TAMS 0x00000000a8800000| PB 0x00000000a8800000| Untracked 
|  99|0x00000000a8900000, 0x00000000a8a00000, 0x00000000a8a00000|100%| S|CS|TAMS 0x00000000a8900000| PB 0x00000000a8900000| Complete 
| 100|0x00000000a8a00000, 0x00000000a8b00000, 0x00000000a8b00000|100%| S|CS|TAMS 0x00000000a8a00000| PB 0x00000000a8a00000| Complete 
| 101|0x00000000a8b00000, 0x00000000a8c00000, 0x00000000a8c00000|100%| S|CS|TAMS 0x00000000a8b00000| PB 0x00000000a8b00000| Complete 
| 102|0x00000000a8c00000, 0x00000000a8c00000, 0x00000000a8d00000|  0%| F|  |TAMS 0x00000000a8c00000| PB 0x00000000a8c00000| Untracked 
| 103|0x00000000a8d00000, 0x00000000a8d00000, 0x00000000a8e00000|  0%| F|  |TAMS 0x00000000a8d00000| PB 0x00000000a8d00000| Untracked 
| 104|0x00000000a8e00000, 0x00000000a8e00000, 0x00000000a8f00000|  0%| F|  |TAMS 0x00000000a8e00000| PB 0x00000000a8e00000| Untracked 
| 105|0x00000000a8f00000, 0x00000000a8f00000, 0x00000000a9000000|  0%| F|  |TAMS 0x00000000a8f00000| PB 0x00000000a8f00000| Untracked 
| 106|0x00000000a9000000, 0x00000000a9000000, 0x00000000a9100000|  0%| F|  |TAMS 0x00000000a9000000| PB 0x00000000a9000000| Untracked 
| 107|0x00000000a9100000, 0x00000000a9100000, 0x00000000a9200000|  0%| F|  |TAMS 0x00000000a9100000| PB 0x00000000a9100000| Untracked 
| 108|0x00000000a9200000, 0x00000000a9200000, 0x00000000a9300000|  0%| F|  |TAMS 0x00000000a9200000| PB 0x00000000a9200000| Untracked 
| 109|0x00000000a9300000, 0x00000000a9300000, 0x00000000a9400000|  0%| F|  |TAMS 0x00000000a9300000| PB 0x00000000a9300000| Untracked 
| 110|0x00000000a9400000, 0x00000000a9400000, 0x00000000a9500000|  0%| F|  |TAMS 0x00000000a9400000| PB 0x00000000a9400000| Untracked 
| 111|0x00000000a9500000, 0x00000000a9500000, 0x00000000a9600000|  0%| F|  |TAMS 0x00000000a9500000| PB 0x00000000a9500000| Untracked 
| 112|0x00000000a9600000, 0x00000000a9600000, 0x00000000a9700000|  0%| F|  |TAMS 0x00000000a9600000| PB 0x00000000a9600000| Untracked 
| 113|0x00000000a9700000, 0x00000000a9700000, 0x00000000a9800000|  0%| F|  |TAMS 0x00000000a9700000| PB 0x00000000a9700000| Untracked 
| 114|0x00000000a9800000, 0x00000000a9800000, 0x00000000a9900000|  0%| F|  |TAMS 0x00000000a9800000| PB 0x00000000a9800000| Untracked 
| 115|0x00000000a9900000, 0x00000000a9900000, 0x00000000a9a00000|  0%| F|  |TAMS 0x00000000a9900000| PB 0x00000000a9900000| Untracked 
| 116|0x00000000a9a00000, 0x00000000a9a00000, 0x00000000a9b00000|  0%| F|  |TAMS 0x00000000a9a00000| PB 0x00000000a9a00000| Untracked 
| 117|0x00000000a9b00000, 0x00000000a9b00000, 0x00000000a9c00000|  0%| F|  |TAMS 0x00000000a9b00000| PB 0x00000000a9b00000| Untracked 
| 118|0x00000000a9c00000, 0x00000000a9c00000, 0x00000000a9d00000|  0%| F|  |TAMS 0x00000000a9c00000| PB 0x00000000a9c00000| Untracked 
| 119|0x00000000a9d00000, 0x00000000a9d00000, 0x00000000a9e00000|  0%| F|  |TAMS 0x00000000a9d00000| PB 0x00000000a9d00000| Untracked 
| 120|0x00000000a9e00000, 0x00000000a9e00000, 0x00000000a9f00000|  0%| F|  |TAMS 0x00000000a9e00000| PB 0x00000000a9e00000| Untracked 
| 121|0x00000000a9f00000, 0x00000000a9f00000, 0x00000000aa000000|  0%| F|  |TAMS 0x00000000a9f00000| PB 0x00000000a9f00000| Untracked 
| 122|0x00000000aa000000, 0x00000000aa000000, 0x00000000aa100000|  0%| F|  |TAMS 0x00000000aa000000| PB 0x00000000aa000000| Untracked 
| 123|0x00000000aa100000, 0x00000000aa100000, 0x00000000aa200000|  0%| F|  |TAMS 0x00000000aa100000| PB 0x00000000aa100000| Untracked 
| 124|0x00000000aa200000, 0x00000000aa200000, 0x00000000aa300000|  0%| F|  |TAMS 0x00000000aa200000| PB 0x00000000aa200000| Untracked 
| 125|0x00000000aa300000, 0x00000000aa300000, 0x00000000aa400000|  0%| F|  |TAMS 0x00000000aa300000| PB 0x00000000aa300000| Untracked 
| 126|0x00000000aa400000, 0x00000000aa400000, 0x00000000aa500000|  0%| F|  |TAMS 0x00000000aa400000| PB 0x00000000aa400000| Untracked 
|1493|0x00000000ffb00000, 0x00000000ffc00000, 0x00000000ffc00000|100%| O|  |TAMS 0x00000000ffc00000| PB 0x00000000ffb00000| Untracked 
|1494|0x00000000ffc00000, 0x00000000ffd00000, 0x00000000ffd00000|100%| O|  |TAMS 0x00000000ffd00000| PB 0x00000000ffc00000| Untracked 
|1495|0x00000000ffd00000, 0x00000000ffe00000, 0x00000000ffe00000|100%| O|  |TAMS 0x00000000ffe00000| PB 0x00000000ffd00000| Untracked 
|1496|0x00000000ffe00000, 0x00000000fff00000, 0x00000000fff00000|100%| O|  |TAMS 0x00000000fff00000| PB 0x00000000ffe00000| Untracked 
|1497|0x00000000fff00000, 0x0000000100000000, 0x0000000100000000|100%| O|  |TAMS 0x0000000100000000| PB 0x00000000fff00000| Untracked 

Card table byte_map: [0x000001f24d0c0000,0x000001f24d3b0000] _byte_map_base: 0x000001f24cbad000

Marking Bits: (CMBitMap*) 0x000001f23a75f800
 Bits: [0x000001f24d3b0000, 0x000001f24eb18000)

Polling page: 0x000001f238520000

Metaspace:

Usage:
  Non-class:     50.17 MB used.
      Class:      6.56 MB used.
       Both:     56.73 MB used.

Virtual space:
  Non-class space:       64.00 MB reserved,      50.38 MB ( 79%) committed,  1 nodes.
      Class space:        1.00 GB reserved,       6.69 MB ( <1%) committed,  1 nodes.
             Both:        1.06 GB reserved,      57.06 MB (  5%) committed. 

Chunk freelists:
   Non-Class:  12.98 MB
       Class:  9.33 MB
        Both:  22.31 MB

MaxMetaspaceSize: unlimited
CompressedClassSpaceSize: 1.00 GB
Initial GC threshold: 21.00 MB
Current GC threshold: 93.75 MB
CDS: off
 - commit_granule_bytes: 65536.
 - commit_granule_words: 8192.
 - virtual_space_node_default_size: 8388608.
 - enlarge_chunks_in_place: 1.
 - use_allocation_guard: 0.


Internal statistics:

num_allocs_failed_limit: 3.
num_arena_births: 284.
num_arena_deaths: 0.
num_vsnodes_births: 2.
num_vsnodes_deaths: 0.
num_space_committed: 911.
num_space_uncommitted: 0.
num_chunks_returned_to_freelist: 3.
num_chunks_taken_from_freelist: 1999.
num_chunk_merges: 3.
num_chunk_splits: 1672.
num_chunks_enlarged: 1516.
num_inconsistent_stats: 0.

CodeHeap 'non-profiled nmethods': size=120000Kb used=2778Kb max_used=2778Kb free=117222Kb
 bounds [0x000001f245350000, 0x000001f245610000, 0x000001f24c880000]
CodeHeap 'profiled nmethods': size=120000Kb used=16161Kb max_used=16161Kb free=103838Kb
 bounds [0x000001f23d880000, 0x000001f23e850000, 0x000001f244db0000]
CodeHeap 'non-nmethods': size=5760Kb used=1523Kb max_used=1577Kb free=4236Kb
 bounds [0x000001f244db0000, 0x000001f245020000, 0x000001f245350000]
CodeCache: size=245760Kb, used=20462Kb, max_used=20516Kb, free=225296Kb
 total_blobs=7062, nmethods=6381, adapters=583, full_count=0
Compilation: enabled, stopped_count=0, restarted_count=0

Compilation events (20 events):
Event: 12.686 Thread 0x000001f25198b6e0 nmethod 6990 0x000001f245417e90 code [0x000001f245418040, 0x000001f245418208]
Event: 12.686 Thread 0x000001f25198b6e0 6647       4       java.util.LinkedHashMap$LinkedKeySet::iterator (16 bytes)
Event: 12.689 Thread 0x000001f25198b6e0 nmethod 6647 0x000001f245417990 code [0x000001f245417b20, 0x000001f245417d48]
Event: 12.689 Thread 0x000001f25198b6e0 6496       4       org.jetbrains.kotlin.protobuf.ExtensionRegistryLite::findLiteExtensionByNumber (22 bytes)
Event: 12.694 Thread 0x000001f2519946b0 nmethod 6996 0x000001f23e82cd10 code [0x000001f23e82dc60, 0x000001f23e836900]
Event: 12.695 Thread 0x000001f2519946b0 6997       3       kotlin.collections.builders.ListBuilder::ensureCapacityInternal (47 bytes)
Event: 12.695 Thread 0x000001f25198b6e0 nmethod 6496 0x000001f245417010 code [0x000001f245417200, 0x000001f2454175e0]
Event: 12.695 Thread 0x000001f25198b6e0 6503       4       org.jetbrains.kotlin.protobuf.SmallSortedMap::put (142 bytes)
Event: 12.696 Thread 0x000001f2519946b0 nmethod 6997 0x000001f23e839d90 code [0x000001f23e83a020, 0x000001f23e83a920]
Event: 12.696 Thread 0x000001f2519946b0 7001       3       org.jetbrains.kotlin.fir.resolve.dfa.FirDataFlowAnalyzer::completePostponedNodes (92 bytes)
Event: 12.697 Thread 0x000001f2519946b0 nmethod 7001 0x000001f23e83ad10 code [0x000001f23e83b0e0, 0x000001f23e83c858]
Event: 12.697 Thread 0x000001f2519946b0 7006       3       org.jetbrains.kotlin.config.MavenComparableVersion$IntegerItem::toString (8 bytes)
Event: 12.698 Thread 0x000001f2519946b0 nmethod 7006 0x000001f23e83d010 code [0x000001f23e83d1c0, 0x000001f23e83d378]
Event: 12.698 Thread 0x000001f2519946b0 7007       3       java.math.BigInteger::toString (7 bytes)
Event: 12.698 Thread 0x000001f2519946b0 nmethod 7007 0x000001f23e83d490 code [0x000001f23e83d640, 0x000001f23e83d788]
Event: 12.698 Thread 0x000001f2519946b0 7008       3       java.math.BigInteger::toString (108 bytes)
Event: 12.699 Thread 0x000001f2519946b0 nmethod 7008 0x000001f23e83d810 code [0x000001f23e83dac0, 0x000001f23e83e398]
Event: 12.699 Thread 0x000001f2519946b0 7003       3       org.jetbrains.kotlin.fir.resolve.calls.stages.CheckContextReceivers::check (686 bytes)
Event: 12.711 Thread 0x000001f2519946b0 nmethod 7003 0x000001f23e83e790 code [0x000001f23e83f440, 0x000001f23e846d90]
Event: 12.711 Thread 0x000001f2519946b0 7011   !   3       org.jetbrains.kotlin.metadata.ProtoBuf$Function::<init> (1410 bytes)

GC Heap History (20 events):
Event: 8.577 GC heap after
{Heap after GC invocations=12 (full 0):
 garbage-first heap   total 73728K, used 34612K [0x00000000a2600000, 0x0000000100000000)
  region size 1024K, 3 young (3072K), 3 survivors (3072K)
 Metaspace       used 50021K, committed 50368K, reserved 1114112K
  class space    used 5858K, committed 6016K, reserved 1048576K
}
Event: 8.777 GC heap before
{Heap before GC invocations=12 (full 0):
 garbage-first heap   total 73728K, used 61236K [0x00000000a2600000, 0x0000000100000000)
  region size 1024K, 28 young (28672K), 3 survivors (3072K)
 Metaspace       used 50430K, committed 50688K, reserved 1114112K
  class space    used 5888K, committed 6016K, reserved 1048576K
}
Event: 8.795 GC heap after
{Heap after GC invocations=13 (full 0):
 garbage-first heap   total 73728K, used 44544K [0x00000000a2600000, 0x0000000100000000)
  region size 1024K, 4 young (4096K), 4 survivors (4096K)
 Metaspace       used 50430K, committed 50688K, reserved 1114112K
  class space    used 5888K, committed 6016K, reserved 1048576K
}
Event: 8.966 GC heap before
{Heap before GC invocations=13 (full 0):
 garbage-first heap   total 73728K, used 59904K [0x00000000a2600000, 0x0000000100000000)
  region size 1024K, 20 young (20480K), 4 survivors (4096K)
 Metaspace       used 50946K, committed 51200K, reserved 1114112K
  class space    used 5930K, committed 6080K, reserved 1048576K
}
Event: 8.977 GC heap after
{Heap after GC invocations=14 (full 0):
 garbage-first heap   total 73728K, used 49152K [0x00000000a2600000, 0x0000000100000000)
  region size 1024K, 3 young (3072K), 3 survivors (3072K)
 Metaspace       used 50946K, committed 51200K, reserved 1114112K
  class space    used 5930K, committed 6080K, reserved 1048576K
}
Event: 9.115 GC heap before
{Heap before GC invocations=15 (full 0):
 garbage-first heap   total 81920K, used 63488K [0x00000000a2600000, 0x0000000100000000)
  region size 1024K, 17 young (17408K), 3 survivors (3072K)
 Metaspace       used 51009K, committed 51264K, reserved 1114112K
  class space    used 5937K, committed 6080K, reserved 1048576K
}
Event: 9.124 GC heap after
{Heap after GC invocations=16 (full 0):
 garbage-first heap   total 81920K, used 54272K [0x00000000a2600000, 0x0000000100000000)
  region size 1024K, 3 young (3072K), 3 survivors (3072K)
 Metaspace       used 51009K, committed 51264K, reserved 1114112K
  class space    used 5937K, committed 6080K, reserved 1048576K
}
Event: 9.403 GC heap before
{Heap before GC invocations=16 (full 0):
 garbage-first heap   total 81920K, used 69632K [0x00000000a2600000, 0x0000000100000000)
  region size 1024K, 18 young (18432K), 3 survivors (3072K)
 Metaspace       used 52896K, committed 53120K, reserved 1114112K
  class space    used 6160K, committed 6272K, reserved 1048576K
}
Event: 9.413 GC heap after
{Heap after GC invocations=17 (full 0):
 garbage-first heap   total 135168K, used 56787K [0x00000000a2600000, 0x0000000100000000)
  region size 1024K, 3 young (3072K), 3 survivors (3072K)
 Metaspace       used 52896K, committed 53120K, reserved 1114112K
  class space    used 6160K, committed 6272K, reserved 1048576K
}
Event: 11.123 GC heap before
{Heap before GC invocations=17 (full 0):
 garbage-first heap   total 135168K, used 100819K [0x00000000a2600000, 0x0000000100000000)
  region size 1024K, 47 young (48128K), 3 survivors (3072K)
 Metaspace       used 56967K, committed 57280K, reserved 1114112K
  class space    used 6630K, committed 6784K, reserved 1048576K
}
Event: 11.145 GC heap after
{Heap after GC invocations=18 (full 0):
 garbage-first heap   total 135168K, used 65262K [0x00000000a2600000, 0x0000000100000000)
  region size 1024K, 6 young (6144K), 6 survivors (6144K)
 Metaspace       used 56967K, committed 57280K, reserved 1114112K
  class space    used 6630K, committed 6784K, reserved 1048576K
}
Event: 11.498 GC heap before
{Heap before GC invocations=18 (full 0):
 garbage-first heap   total 135168K, used 108270K [0x00000000a2600000, 0x0000000100000000)
  region size 1024K, 48 young (49152K), 6 survivors (6144K)
 Metaspace       used 57298K, committed 57600K, reserved 1114112K
  class space    used 6655K, committed 6784K, reserved 1048576K
}
Event: 11.517 GC heap after
{Heap after GC invocations=19 (full 0):
 garbage-first heap   total 135168K, used 74036K [0x00000000a2600000, 0x0000000100000000)
  region size 1024K, 6 young (6144K), 6 survivors (6144K)
 Metaspace       used 57298K, committed 57600K, reserved 1114112K
  class space    used 6655K, committed 6784K, reserved 1048576K
}
Event: 11.624 GC heap before
{Heap before GC invocations=19 (full 0):
 garbage-first heap   total 135168K, used 110900K [0x00000000a2600000, 0x0000000100000000)
  region size 1024K, 42 young (43008K), 6 survivors (6144K)
 Metaspace       used 57298K, committed 57600K, reserved 1114112K
  class space    used 6655K, committed 6784K, reserved 1048576K
}
Event: 11.638 GC heap after
{Heap after GC invocations=20 (full 0):
 garbage-first heap   total 135168K, used 81920K [0x00000000a2600000, 0x0000000100000000)
  region size 1024K, 6 young (6144K), 6 survivors (6144K)
 Metaspace       used 57298K, committed 57600K, reserved 1114112K
  class space    used 6655K, committed 6784K, reserved 1048576K
}
Event: 11.796 GC heap before
{Heap before GC invocations=21 (full 0):
 garbage-first heap   total 135168K, used 113664K [0x00000000a2600000, 0x0000000100000000)
  region size 1024K, 38 young (38912K), 6 survivors (6144K)
 Metaspace       used 57298K, committed 57600K, reserved 1114112K
  class space    used 6655K, committed 6784K, reserved 1048576K
}
Event: 11.807 GC heap after
{Heap after GC invocations=22 (full 0):
 garbage-first heap   total 135168K, used 88557K [0x00000000a2600000, 0x0000000100000000)
  region size 1024K, 5 young (5120K), 5 survivors (5120K)
 Metaspace       used 57298K, committed 57600K, reserved 1114112K
  class space    used 6655K, committed 6784K, reserved 1048576K
}
Event: 12.140 GC heap before
{Heap before GC invocations=22 (full 0):
 garbage-first heap   total 135168K, used 117229K [0x00000000a2600000, 0x0000000100000000)
  region size 1024K, 33 young (33792K), 5 survivors (5120K)
 Metaspace       used 57563K, committed 57920K, reserved 1114112K
  class space    used 6668K, committed 6848K, reserved 1048576K
}
Event: 12.154 GC heap after
{Heap after GC invocations=23 (full 0):
 garbage-first heap   total 135168K, used 94200K [0x00000000a2600000, 0x0000000100000000)
  region size 1024K, 5 young (5120K), 5 survivors (5120K)
 Metaspace       used 57563K, committed 57920K, reserved 1114112K
  class space    used 6668K, committed 6848K, reserved 1048576K
}
Event: 12.712 GC heap before
{Heap before GC invocations=23 (full 0):
 garbage-first heap   total 135168K, used 119800K [0x00000000a2600000, 0x0000000100000000)
  region size 1024K, 30 young (30720K), 5 survivors (5120K)
 Metaspace       used 58093K, committed 58432K, reserved 1114112K
  class space    used 6714K, committed 6848K, reserved 1048576K
}

Dll operation events (3 events):
Event: 0.066 Loaded shared library C:\Program Files\Android\Android Studio\jbr\bin\java.dll
Event: 0.075 Loaded shared library C:\Program Files\Android\Android Studio\jbr\bin\zip.dll
Event: 3.979 Loaded shared library C:\Program Files\Android\Android Studio\jbr\bin\verify.dll

Deoptimization events (20 events):
Event: 12.458 Thread 0x000001f23838f3c0 Uncommon trap: trap_request=0xffffffde fr.pc=0x000001f2453f1e6c relative=0x000000000000018c
Event: 12.458 Thread 0x000001f23838f3c0 Uncommon trap: reason=class_check action=maybe_recompile pc=0x000001f2453f1e6c method=org.jetbrains.kotlin.fir.types.ConeTypeUtilsKt.getConstructor(Lorg/jetbrains/kotlin/fir/types/ConeSimpleKotlinType;)Lorg/jetbrains/kotlin/types/model/TypeConstructorMark
Event: 12.458 Thread 0x000001f23838f3c0 DEOPT PACKING pc=0x000001f2453f1e6c sp=0x00000063e9df3480
Event: 12.458 Thread 0x000001f23838f3c0 DEOPT UNPACKING pc=0x000001f244e043a2 sp=0x00000063e9df33a0 mode 2
Event: 12.458 Thread 0x000001f23838f3c0 Uncommon trap: trap_request=0xffffffde fr.pc=0x000001f2453f1e6c relative=0x000000000000018c
Event: 12.458 Thread 0x000001f23838f3c0 Uncommon trap: reason=class_check action=maybe_recompile pc=0x000001f2453f1e6c method=org.jetbrains.kotlin.fir.types.ConeTypeUtilsKt.getConstructor(Lorg/jetbrains/kotlin/fir/types/ConeSimpleKotlinType;)Lorg/jetbrains/kotlin/types/model/TypeConstructorMark
Event: 12.458 Thread 0x000001f23838f3c0 DEOPT PACKING pc=0x000001f2453f1e6c sp=0x00000063e9df32b0
Event: 12.458 Thread 0x000001f23838f3c0 DEOPT UNPACKING pc=0x000001f244e043a2 sp=0x00000063e9df31d0 mode 2
Event: 12.458 Thread 0x000001f23838f3c0 Uncommon trap: trap_request=0xffffffde fr.pc=0x000001f2453f1e6c relative=0x000000000000018c
Event: 12.458 Thread 0x000001f23838f3c0 Uncommon trap: reason=class_check action=maybe_recompile pc=0x000001f2453f1e6c method=org.jetbrains.kotlin.fir.types.ConeTypeUtilsKt.getConstructor(Lorg/jetbrains/kotlin/fir/types/ConeSimpleKotlinType;)Lorg/jetbrains/kotlin/types/model/TypeConstructorMark
Event: 12.458 Thread 0x000001f23838f3c0 DEOPT PACKING pc=0x000001f2453f1e6c sp=0x00000063e9df3040
Event: 12.458 Thread 0x000001f23838f3c0 DEOPT UNPACKING pc=0x000001f244e043a2 sp=0x00000063e9df2f60 mode 2
Event: 12.458 Thread 0x000001f23838f3c0 Uncommon trap: trap_request=0xffffffde fr.pc=0x000001f2453f18f4 relative=0x0000000000000134
Event: 12.458 Thread 0x000001f23838f3c0 Uncommon trap: reason=class_check action=maybe_recompile pc=0x000001f2453f18f4 method=org.jetbrains.kotlin.fir.types.ConeTypeUtilsKt.getConstructor(Lorg/jetbrains/kotlin/fir/types/ConeSimpleKotlinType;)Lorg/jetbrains/kotlin/types/model/TypeConstructorMark
Event: 12.458 Thread 0x000001f23838f3c0 DEOPT PACKING pc=0x000001f2453f18f4 sp=0x00000063e9df3080
Event: 12.458 Thread 0x000001f23838f3c0 DEOPT UNPACKING pc=0x000001f244e043a2 sp=0x00000063e9df3018 mode 2
Event: 12.710 Thread 0x000001f23838f3c0 Uncommon trap: trap_request=0xffffff45 fr.pc=0x000001f245604028 relative=0x00000000000055e8
Event: 12.710 Thread 0x000001f23838f3c0 Uncommon trap: reason=unstable_if action=reinterpret pc=0x000001f245604028 method=org.jetbrains.kotlin.metadata.ProtoBuf$Function.<init>(Lorg/jetbrains/kotlin/protobuf/CodedInputStream;Lorg/jetbrains/kotlin/protobuf/ExtensionRegistryLite;)V @ 851 c2
Event: 12.710 Thread 0x000001f23838f3c0 DEOPT PACKING pc=0x000001f245604028 sp=0x00000063e9df8650
Event: 12.710 Thread 0x000001f23838f3c0 DEOPT UNPACKING pc=0x000001f244e043a2 sp=0x00000063e9df85e8 mode 2

Classes loaded (20 events):
Event: 8.667 Loading class java/util/AbstractList$ListItr
Event: 8.667 Loading class java/util/AbstractList$ListItr done
Event: 9.283 Loading class java/util/AbstractMap$SimpleImmutableEntry
Event: 9.283 Loading class java/util/AbstractMap$SimpleImmutableEntry done
Event: 9.513 Loading class java/util/AbstractList$RandomAccessSubList
Event: 9.513 Loading class java/util/AbstractList$SubList
Event: 9.513 Loading class java/util/AbstractList$SubList done
Event: 9.513 Loading class java/util/AbstractList$RandomAccessSubList done
Event: 9.626 Loading class java/util/AbstractList$SubList$1
Event: 9.627 Loading class java/util/AbstractList$SubList$1 done
Event: 10.835 Loading class java/lang/Byte$ByteCache
Event: 10.835 Loading class java/lang/Byte$ByteCache done
Event: 11.044 Loading class java/util/EnumMap$EntrySet
Event: 11.044 Loading class java/util/EnumMap$EntrySet done
Event: 11.044 Loading class java/util/EnumMap$EntryIterator
Event: 11.044 Loading class java/util/EnumMap$EnumMapIterator
Event: 11.044 Loading class java/util/EnumMap$EnumMapIterator done
Event: 11.044 Loading class java/util/EnumMap$EntryIterator done
Event: 11.044 Loading class java/util/EnumMap$EntryIterator$Entry
Event: 11.045 Loading class java/util/EnumMap$EntryIterator$Entry done

Classes unloaded (0 events):
No events

Classes redefined (0 events):
No events

Internal exceptions (20 events):
Event: 7.958 Thread 0x000001f23838f3c0 Exception <a 'java/lang/NoSuchMethodError'{0x00000000a4cea378}: 'java.lang.Object java.lang.invoke.DirectMethodHandle$Holder.newInvokeSpecial(java.lang.Object, java.lang.Object, java.lang.Object, int, java.lang.Object)'> (0x00000000a4cea378) 
thrown [s\src\hotspot\share\interpreter\linkResolver.cpp, line 784]
Event: 8.318 Thread 0x000001f23838f3c0 Implicit null exception at 0x000001f2454b4e1b to 0x000001f2454b508c
Event: 9.364 Thread 0x000001f23838f3c0 Exception <a 'java/lang/NoSuchMethodError'{0x00000000a6325570}: 'java.lang.Object java.lang.invoke.DirectMethodHandle$Holder.newInvokeSpecial(java.lang.Object, java.lang.Object, java.lang.Object, java.lang.Object, int, java.lang.Object, java.lang.Object)'> (0x00000000a6325570) 
thrown [s\src\hotspot\share\interpreter\linkResolver.cpp, line 784]
Event: 9.365 Thread 0x000001f23838f3c0 Exception <a 'java/lang/NoSuchMethodError'{0x00000000a632d460}: 'java.lang.Object java.lang.invoke.Invokers$Holder.linkToTargetMethod(java.lang.Object, java.lang.Object, java.lang.Object, int, java.lang.Object, java.lang.Object, java.lang.Object)'> (0x00000000a632d460) 
thrown [s\src\hotspot\share\interpreter\linkResolver.cpp, line 784]
Event: 9.479 Thread 0x000001f23838f3c0 Exception <a 'java/lang/NoSuchMethodError'{0x00000000aa149dd8}: 'java.lang.Object java.lang.invoke.DirectMethodHandle$Holder.invokeSpecial(java.lang.Object, java.lang.Object, int, java.lang.Object, java.lang.Object)'> (0x00000000aa149dd8) 
thrown [s\src\hotspot\share\interpreter\linkResolver.cpp, line 784]
Event: 9.540 Thread 0x000001f23838f3c0 Exception <a 'java/lang/NoSuchMethodError'{0x00000000a9fbc850}: 'java.lang.Object java.lang.invoke.DirectMethodHandle$Holder.newInvokeSpecial(java.lang.Object, java.lang.Object, java.lang.Object, java.lang.Object, int)'> (0x00000000a9fbc850) 
thrown [s\src\hotspot\share\interpreter\linkResolver.cpp, line 784]
Event: 9.540 Thread 0x000001f23838f3c0 Exception <a 'java/lang/NoSuchMethodError'{0x00000000a9fc0c58}: 'java.lang.Object java.lang.invoke.DirectMethodHandle$Holder.invokeSpecial(java.lang.Object, java.lang.Object, java.lang.Object, java.lang.Object, java.lang.Object, int)'> (0x00000000a9fc0c58) 
thrown [s\src\hotspot\share\interpreter\linkResolver.cpp, line 784]
Event: 9.540 Thread 0x000001f23838f3c0 Exception <a 'java/lang/NoSuchMethodError'{0x00000000a9fc4998}: 'java.lang.Object java.lang.invoke.Invokers$Holder.linkToTargetMethod(java.lang.Object, java.lang.Object, java.lang.Object, int, java.lang.Object)'> (0x00000000a9fc4998) 
thrown [s\src\hotspot\share\interpreter\linkResolver.cpp, line 784]
Event: 9.865 Thread 0x000001f23838f3c0 Exception <a 'java/lang/NoSuchMethodError'{0x00000000a99b8de0}: 'java.lang.Object java.lang.invoke.DirectMethodHandle$Holder.newInvokeSpecial(java.lang.Object, java.lang.Object, java.lang.Object, java.lang.Object, java.lang.Object, java.lang.Object, java.lang.Object, java.lang.Object, java.lang.Object)'> (0x00000000a99b8de0) 
thrown [s\src\hotspot\share\interpreter\linkResolver.cpp, line 784]
Event: 9.868 Thread 0x000001f23838f3c0 Exception <a 'java/lang/NoSuchMethodError'{0x00000000a99d3a98}: 'java.lang.Object java.lang.invoke.DirectMethodHandle$Holder.newInvokeSpecial(java.lang.Object, java.lang.Object, java.lang.Object, int)'> (0x00000000a99d3a98) 
thrown [s\src\hotspot\share\interpreter\linkResolver.cpp, line 784]
Event: 9.869 Thread 0x000001f23838f3c0 Exception <a 'java/lang/NoSuchMethodError'{0x00000000a99d78d8}: 'java.lang.Object java.lang.invoke.DirectMethodHandle$Holder.invokeSpecial(java.lang.Object, java.lang.Object, java.lang.Object, java.lang.Object, int)'> (0x00000000a99d78d8) 
thrown [s\src\hotspot\share\interpreter\linkResolver.cpp, line 784]
Event: 9.869 Thread 0x000001f23838f3c0 Exception <a 'java/lang/NoSuchMethodError'{0x00000000a99db030}: 'java.lang.Object java.lang.invoke.Invokers$Holder.linkToTargetMethod(java.lang.Object, java.lang.Object, int, java.lang.Object)'> (0x00000000a99db030) 
thrown [s\src\hotspot\share\interpreter\linkResolver.cpp, line 784]
Event: 9.870 Thread 0x000001f23838f3c0 Exception <a 'java/lang/NoSuchMethodError'{0x00000000a99ea260}: 'java.lang.Object java.lang.invoke.DirectMethodHandle$Holder.newInvokeSpecial(java.lang.Object, int, java.lang.Object)'> (0x00000000a99ea260) 
thrown [s\src\hotspot\share\interpreter\linkResolver.cpp, line 784]
Event: 9.887 Thread 0x000001f23838f3c0 Exception <a 'java/lang/NoSuchMethodError'{0x00000000a988d3e8}: 'java.lang.Object java.lang.invoke.DirectMethodHandle$Holder.invokeStatic(java.lang.Object, int, java.lang.Object, java.lang.Object)'> (0x00000000a988d3e8) 
thrown [s\src\hotspot\share\interpreter\linkResolver.cpp, line 784]
Event: 9.904 Thread 0x000001f23838f3c0 Exception <a 'java/lang/NoSuchMethodError'{0x00000000a98e9120}: 'java.lang.Object java.lang.invoke.DirectMethodHandle$Holder.invokeStatic(java.lang.Object, java.lang.Object, java.lang.Object, int, java.lang.Object, java.lang.Object)'> (0x00000000a98e9120) 
thrown [s\src\hotspot\share\interpreter\linkResolver.cpp, line 784]
Event: 10.390 Thread 0x000001f23838f3c0 Exception <a 'java/lang/NoSuchMethodError'{0x00000000a94e6720}: 'java.lang.Object java.lang.invoke.DirectMethodHandle$Holder.newInvokeSpecial(java.lang.Object, int, java.lang.Object, java.lang.Object, java.lang.Object)'> (0x00000000a94e6720) 
thrown [s\src\hotspot\share\interpreter\linkResolver.cpp, line 784]
Event: 10.390 Thread 0x000001f23838f3c0 Exception <a 'java/lang/NoSuchMethodError'{0x00000000a94ee5a0}: 'java.lang.Object java.lang.invoke.Invokers$Holder.linkToTargetMethod(int, java.lang.Object, java.lang.Object, java.lang.Object, java.lang.Object)'> (0x00000000a94ee5a0) 
thrown [s\src\hotspot\share\interpreter\linkResolver.cpp, line 784]
Event: 12.615 Thread 0x000001f23838f3c0 Exception <a 'java/lang/NoSuchMethodError'{0x00000000a8d40ad0}: 'java.lang.Object java.lang.invoke.DirectMethodHandle$Holder.newInvokeSpecial(java.lang.Object, java.lang.Object, java.lang.Object, java.lang.Object, java.lang.Object, int)'> (0x00000000a8d40ad0) 
thrown [s\src\hotspot\share\interpreter\linkResolver.cpp, line 784]
Event: 12.616 Thread 0x000001f23838f3c0 Exception <a 'java/lang/NoSuchMethodError'{0x00000000a8d45a18}: 'java.lang.Object java.lang.invoke.DirectMethodHandle$Holder.invokeSpecial(java.lang.Object, java.lang.Object, java.lang.Object, java.lang.Object, java.lang.Object, java.lang.Object, int)'> (0x00000000a8d45a18) 
thrown [s\src\hotspot\share\interpreter\linkResolver.cpp, line 784]
Event: 12.616 Thread 0x000001f23838f3c0 Exception <a 'java/lang/NoSuchMethodError'{0x00000000a8d4a310}: 'java.lang.Object java.lang.invoke.Invokers$Holder.linkToTargetMethod(java.lang.Object, java.lang.Object, java.lang.Object, java.lang.Object, int, java.lang.Object)'> (0x00000000a8d4a310) 
thrown [s\src\hotspot\share\interpreter\linkResolver.cpp, line 784]

ZGC Phase Switch (0 events):
No events

VM Operations (20 events):
Event: 11.098 Executing VM operation: ICBufferFull done
Event: 11.123 Executing VM operation: G1CollectForAllocation (G1 Evacuation Pause)
Event: 11.145 Executing VM operation: G1CollectForAllocation (G1 Evacuation Pause) done
Event: 11.498 Executing VM operation: G1CollectForAllocation (G1 Evacuation Pause)
Event: 11.517 Executing VM operation: G1CollectForAllocation (G1 Evacuation Pause) done
Event: 11.624 Executing VM operation: G1CollectForAllocation (G1 Evacuation Pause)
Event: 11.639 Executing VM operation: G1CollectForAllocation (G1 Evacuation Pause) done
Event: 11.692 Executing VM operation: G1PauseRemark
Event: 11.701 Executing VM operation: G1PauseRemark done
Event: 11.736 Executing VM operation: G1PauseCleanup
Event: 11.736 Executing VM operation: G1PauseCleanup done
Event: 11.796 Executing VM operation: G1CollectForAllocation (G1 Evacuation Pause)
Event: 11.807 Executing VM operation: G1CollectForAllocation (G1 Evacuation Pause) done
Event: 11.947 Executing VM operation: HandshakeAllThreads (Deoptimize)
Event: 11.947 Executing VM operation: HandshakeAllThreads (Deoptimize) done
Event: 12.140 Executing VM operation: G1CollectForAllocation (G1 Evacuation Pause)
Event: 12.154 Executing VM operation: G1CollectForAllocation (G1 Evacuation Pause) done
Event: 12.667 Executing VM operation: ICBufferFull
Event: 12.668 Executing VM operation: ICBufferFull done
Event: 12.712 Executing VM operation: G1CollectForAllocation (G1 Evacuation Pause)

Memory protections (0 events):
No events

Nmethod flushes (20 events):
Event: 11.700 Thread 0x000001f2517860d0 flushing  nmethod 0x000001f23dd1aa90
Event: 11.700 Thread 0x000001f2517860d0 flushing  nmethod 0x000001f23dd1b490
Event: 11.700 Thread 0x000001f2517860d0 flushing  nmethod 0x000001f23dd53390
Event: 11.700 Thread 0x000001f2517860d0 flushing  nmethod 0x000001f23dd53990
Event: 11.700 Thread 0x000001f2517860d0 flushing  nmethod 0x000001f23dd54110
Event: 11.700 Thread 0x000001f2517860d0 flushing  nmethod 0x000001f23dd55290
Event: 11.700 Thread 0x000001f2517860d0 flushing  nmethod 0x000001f23dd55f90
Event: 11.700 Thread 0x000001f2517860d0 flushing  nmethod 0x000001f23dd56390
Event: 11.700 Thread 0x000001f2517860d0 flushing  nmethod 0x000001f23dd58010
Event: 11.700 Thread 0x000001f2517860d0 flushing  nmethod 0x000001f23dda8c10
Event: 11.700 Thread 0x000001f2517860d0 flushing  nmethod 0x000001f23dda9690
Event: 11.700 Thread 0x000001f2517860d0 flushing  nmethod 0x000001f23ddad510
Event: 11.700 Thread 0x000001f2517860d0 flushing  nmethod 0x000001f23ddbb810
Event: 11.700 Thread 0x000001f2517860d0 flushing  nmethod 0x000001f23ddbc490
Event: 11.700 Thread 0x000001f2517860d0 flushing  nmethod 0x000001f23ddc5410
Event: 11.700 Thread 0x000001f2517860d0 flushing  nmethod 0x000001f23de36d90
Event: 11.700 Thread 0x000001f2517860d0 flushing  nmethod 0x000001f23de7c190
Event: 11.700 Thread 0x000001f2517860d0 flushing  nmethod 0x000001f23dea0690
Event: 11.700 Thread 0x000001f2517860d0 flushing  nmethod 0x000001f23dea1a90
Event: 11.700 Thread 0x000001f2517860d0 flushing  nmethod 0x000001f23dea2e90

Events (15 events):
Event: 0.074 Thread 0x000001f23838f3c0 Thread added: 0x000001f23838f3c0
Event: 0.158 Thread 0x000001f23838f3c0 Thread added: 0x000001f2519371c0
Event: 0.162 Thread 0x000001f23838f3c0 Thread added: 0x000001f251946c20
Event: 0.162 Thread 0x000001f23838f3c0 Thread added: 0x000001f25193c160
Event: 0.163 Thread 0x000001f23838f3c0 Thread added: 0x000001f25193dcd0
Event: 0.163 Thread 0x000001f23838f3c0 Thread added: 0x000001f251960460
Event: 0.163 Thread 0x000001f23838f3c0 Thread added: 0x000001f251960ec0
Event: 0.163 Thread 0x000001f23838f3c0 Thread added: 0x000001f25196a940
Event: 0.188 Thread 0x000001f23838f3c0 Thread added: 0x000001f25198b6e0
Event: 0.188 Thread 0x000001f23838f3c0 Thread added: 0x000001f2519946b0
Event: 0.422 Thread 0x000001f23838f3c0 Thread added: 0x000001f251b2fb60
Event: 0.437 Loaded shared library C:\Program Files\Android\Android Studio\jbr\bin\net.dll
Event: 0.440 Loaded shared library C:\Program Files\Android\Android Studio\jbr\bin\nio.dll
Event: 0.483 Loaded shared library C:\Program Files\Android\Android Studio\jbr\bin\zip.dll
Event: 0.558 Loaded shared library C:\Program Files\Android\Android Studio\jbr\bin\jimage.dll


Dynamic libraries:
0x00007ff7327d0000 - 0x00007ff7327da000 	C:\Program Files\Android\Android Studio\jbr\bin\java.exe
0x00007ffb935a0000 - 0x00007ffb93807000 	C:\WINDOWS\SYSTEM32\ntdll.dll
0x00007ffb92d50000 - 0x00007ffb92e19000 	C:\WINDOWS\System32\KERNEL32.DLL
0x00007ffb90f00000 - 0x00007ffb912f4000 	C:\WINDOWS\System32\KERNELBASE.dll
0x00007ffb8ffa0000 - 0x00007ffb900eb000 	C:\WINDOWS\System32\ucrtbase.dll
0x00007ffb80f20000 - 0x00007ffb80f38000 	C:\Program Files\Android\Android Studio\jbr\bin\jli.dll
0x00007ffb7a710000 - 0x00007ffb7a72b000 	C:\Program Files\Android\Android Studio\jbr\bin\VCRUNTIME140.dll
0x00007ffb91a00000 - 0x00007ffb91bc5000 	C:\WINDOWS\System32\USER32.dll
0x00007ffb91300000 - 0x00007ffb91327000 	C:\WINDOWS\System32\win32u.dll
0x00007ffb7e1f0000 - 0x00007ffb7e483000 	C:\WINDOWS\WinSxS\amd64_microsoft.windows.common-controls_6595b64144ccf1df_6.0.26100.8115_none_3e075c82e3354f9c\COMCTL32.dll
0x00007ffb92190000 - 0x00007ffb921bb000 	C:\WINDOWS\System32\GDI32.dll
0x00007ffb93010000 - 0x00007ffb930b9000 	C:\WINDOWS\System32\msvcrt.dll
0x00007ffb8fe70000 - 0x00007ffb8ff9b000 	C:\WINDOWS\System32\gdi32full.dll
0x00007ffb900f0000 - 0x00007ffb90193000 	C:\WINDOWS\System32\msvcp_win.dll
0x00007ffb925a0000 - 0x00007ffb925d2000 	C:\WINDOWS\System32\IMM32.DLL
0x00007ffb80f10000 - 0x00007ffb80f1c000 	C:\Program Files\Android\Android Studio\jbr\bin\vcruntime140_1.dll
0x00007ffb43ef0000 - 0x00007ffb43f7d000 	C:\Program Files\Android\Android Studio\jbr\bin\msvcp140.dll
0x00007ffab93a0000 - 0x00007ffaba036000 	C:\Program Files\Android\Android Studio\jbr\bin\server\jvm.dll
0x00007ffb921e0000 - 0x00007ffb92296000 	C:\WINDOWS\System32\ADVAPI32.dll
0x00007ffb91bd0000 - 0x00007ffb91c77000 	C:\WINDOWS\System32\sechost.dll
0x00007ffb917e0000 - 0x00007ffb918f8000 	C:\WINDOWS\System32\RPCRT4.dll
0x00007ffb91c80000 - 0x00007ffb91d00000 	C:\WINDOWS\System32\WS2_32.dll
0x00007ffb8fcf0000 - 0x00007ffb8fd4e000 	C:\WINDOWS\SYSTEM32\POWRPROF.dll
0x00007ffb89290000 - 0x00007ffb892c6000 	C:\WINDOWS\SYSTEM32\WINMM.dll
0x00007ffb8a320000 - 0x00007ffb8a32b000 	C:\WINDOWS\SYSTEM32\VERSION.dll
0x00007ffb8fcd0000 - 0x00007ffb8fce4000 	C:\WINDOWS\SYSTEM32\UMPDC.dll
0x00007ffb8eb60000 - 0x00007ffb8eb7b000 	C:\WINDOWS\SYSTEM32\kernel.appcore.dll
0x00007ffb7bf00000 - 0x00007ffb7bf0a000 	C:\Program Files\Android\Android Studio\jbr\bin\jimage.dll
0x00007ffb85ab0000 - 0x00007ffb85cf2000 	C:\WINDOWS\SYSTEM32\DBGHELP.DLL
0x00007ffb91d80000 - 0x00007ffb92102000 	C:\WINDOWS\System32\combase.dll
0x00007ffb92360000 - 0x00007ffb92438000 	C:\WINDOWS\System32\OLEAUT32.dll
0x00007ffb7d610000 - 0x00007ffb7d64b000 	C:\WINDOWS\SYSTEM32\dbgcore.DLL
0x00007ffb90e50000 - 0x00007ffb90ef5000 	C:\WINDOWS\System32\bcryptPrimitives.dll
0x00007ffb5def0000 - 0x00007ffb5df10000 	C:\Program Files\Android\Android Studio\jbr\bin\java.dll
0x00007ffb5d630000 - 0x00007ffb5d648000 	C:\Program Files\Android\Android Studio\jbr\bin\zip.dll
0x00007ffb925e0000 - 0x00007ffb92d47000 	C:\WINDOWS\System32\SHELL32.dll
0x00007ffb90aa0000 - 0x00007ffb90c0a000 	C:\WINDOWS\System32\wintypes.dll
0x00007ffb90230000 - 0x00007ffb90a98000 	C:\WINDOWS\System32\windows.storage.dll
0x00007ffb92490000 - 0x00007ffb92588000 	C:\WINDOWS\System32\SHCORE.dll
0x00007ffb91770000 - 0x00007ffb917d6000 	C:\WINDOWS\System32\shlwapi.dll
0x00007ffb8fd90000 - 0x00007ffb8fdb9000 	C:\WINDOWS\SYSTEM32\profapi.dll
0x00007ffb62450000 - 0x00007ffb62460000 	C:\Program Files\Android\Android Studio\jbr\bin\net.dll
0x00007ffb894e0000 - 0x00007ffb8960d000 	C:\WINDOWS\SYSTEM32\WINHTTP.dll
0x00007ffb8f170000 - 0x00007ffb8f1dc000 	C:\WINDOWS\system32\mswsock.dll
0x00007ffb52630000 - 0x00007ffb52646000 	C:\Program Files\Android\Android Studio\jbr\bin\nio.dll
0x00007ffb5de80000 - 0x00007ffb5de90000 	C:\Program Files\Android\Android Studio\jbr\bin\verify.dll

JVMTI agents: none

dbghelp: loaded successfully - version: 4.0.5 - missing functions: none
symbol engine: initialized successfully - sym options: 0x614 - pdb path: .;C:\Program Files\Android\Android Studio\jbr\bin;C:\WINDOWS\SYSTEM32;C:\WINDOWS\WinSxS\amd64_microsoft.windows.common-controls_6595b64144ccf1df_6.0.26100.8115_none_3e075c82e3354f9c;C:\Program Files\Android\Android Studio\jbr\bin\server

VM Arguments:
java_command: org.jetbrains.kotlin.cli.jvm.K2JVMCompiler @C:\Users\user\OneDrive\Desktop\BUDAKATTU-SANTE\app\build\20260503_11709307837860166130.compiler.options
java_class_path (initial): C:\Users\user\.gradle\caches\modules-2\files-2.1\org.jetbrains.kotlin\kotlin-compiler-embeddable\2.0.21\79346ed53db48b18312a472602eb5c057070c54d\kotlin-compiler-embeddable-2.0.21.jar;C:\Users\user\.gradle\caches\modules-2\files-2.1\org.jetbrains.kotlin\kotlin-stdlib\2.0.21\618b539767b4899b4660a83006e052b63f1db551\kotlin-stdlib-2.0.21.jar;C:\Users\user\.gradle\caches\modules-2\files-2.1\org.jetbrains.kotlin\kotlin-script-runtime\2.0.21\c9b044380ad41f89aa89aa896c2d32a8c0b2129d\kotlin-script-runtime-2.0.21.jar;C:\Users\user\.gradle\caches\modules-2\files-2.1\org.jetbrains.kotlin\kotlin-reflect\1.6.10\1cbe9c92c12a94eea200d23c2bbaedaf3daf5132\kotlin-reflect-1.6.10.jar;C:\Users\user\.gradle\caches\modules-2\files-2.1\org.jetbrains.kotlin\kotlin-daemon-embeddable\2.0.21\c9e933b23287de9b5a17e2116b4657bb91aea72c\kotlin-daemon-embeddable-2.0.21.jar;C:\Users\user\.gradle\caches\modules-2\files-2.1\org.jetbrains.intellij.deps\trove4j\1.0.20200330\3afb14d5f9ceb459d724e907a21145e8ff394f02\trove4j-1.0.20200330.jar;C:\Users\user\.gradle\caches\modules-2\files-2.1\org.jetbrains.kotlinx\kotlinx-coroutines-core-jvm\1.6.4\2c997cd1c0ef33f3e751d3831929aeff1390cb30\kotlinx-coroutines-core-jvm-1.6.4.jar;C:\Users\user\.gradle\caches\modules-2\files-2.1\org.jetbrains\annotations\13.0\919f0dfe192fb4e063e7dacadee7f8bb9a2672a9\annotations-13.0.jar
Launcher Type: SUN_STANDARD

[Global flags]
     intx CICompilerCount                          = 4                                         {product} {ergonomic}
     uint ConcGCThreads                            = 3                                         {product} {ergonomic}
     uint G1ConcRefinementThreads                  = 10                                        {product} {ergonomic}
   size_t G1HeapRegionSize                         = 1048576                                   {product} {ergonomic}
    uintx GCDrainStackTargetSize                   = 64                                        {product} {ergonomic}
   size_t InitialHeapSize                          = 98566144                                  {product} {ergonomic}
   size_t MarkStackSize                            = 4194304                                   {product} {ergonomic}
   size_t MaxHeapSize                              = 1570766848                                {product} {ergonomic}
   size_t MaxNewSize                               = 941621248                                 {product} {ergonomic}
   size_t MinHeapDeltaBytes                        = 1048576                                   {product} {ergonomic}
   size_t MinHeapSize                              = 8388608                                   {product} {ergonomic}
    uintx NonNMethodCodeHeapSize                   = 5839372                                {pd product} {ergonomic}
    uintx NonProfiledCodeHeapSize                  = 122909434                              {pd product} {ergonomic}
    uintx ProfiledCodeHeapSize                     = 122909434                              {pd product} {ergonomic}
    uintx ReservedCodeCacheSize                    = 251658240                              {pd product} {ergonomic}
     bool SegmentedCodeCache                       = true                                      {product} {ergonomic}
   size_t SoftMaxHeapSize                          = 1570766848                             {manageable} {ergonomic}
     bool UseCompressedOops                        = true                           {product lp64_product} {ergonomic}
     bool UseG1GC                                  = true                                      {product} {ergonomic}
     bool UseLargePagesIndividualAllocation        = false                                  {pd product} {ergonomic}

Logging:
Log output configuration:
 #0: stdout all=warning uptime,level,tags foldmultilines=false
 #1: stderr all=off uptime,level,tags foldmultilines=false

Release file:
JAVA_VERSION="21.0.9" 
MODULES="java.base java.compiler java.datatransfer java.xml java.prefs java.desktop java.instrument java.logging java.management java.security.sasl java.naming java.rmi java.management.rmi java.net.http java.scripting java.security.jgss java.transaction.xa java.sql java.sql.rowset java.xml.crypto java.se java.smartcardio jdk.accessibility jdk.internal.jvmstat jdk.attach jdk.charsets jdk.internal.opt jdk.zipfs jdk.compiler jdk.crypto.ec jdk.crypto.cryptoki jdk.dynalink jdk.hotspot.agent jdk.httpserver jdk.internal.ed jdk.internal.le jdk.internal.vm.ci jdk.jartool jdk.javadoc jdk.jcmd jdk.jdeps jdk.jdwp.agent jdk.jdi jdk.jfr jdk.jlink jdk.jsobject jdk.localedata jdk.management jdk.management.agent jdk.management.jfr jdk.naming.dns jdk.naming.rmi jdk.net jdk.sctp jdk.security.auth jdk.security.jgss jdk.unsupported jdk.unsupported.desktop jdk.xml.dom" 
IMPLEMENTOR="JetBrains s.r.o." 
JAVA_RUNTIME_VERSION="21.0.9+-14649483-b1163.86" 
LIBC="default" 
OS_ARCH="x86_64" 
OS_NAME="Windows" 
SOURCE=".:git:554d0c326095" 

Environment Variables:
PATH=C:\WINDOWS\system32;C:\WINDOWS;C:\WINDOWS\System32\Wbem;C:\WINDOWS\System32\WindowsPowerShell\v1.0\;C:\WINDOWS\System32\OpenSSH\;C:\Program Files\nodejs\;C:\Users\user\AppData\Local\Programs\Python\Python310\Scripts\;C:\Users\user\AppData\Local\Programs\Python\Python310\;C:\Users\user\AppData\Local\Microsoft\WindowsApps;C:\Users\user\AppData\Roaming\npm
USERNAME=user
OS=Windows_NT
PROCESSOR_IDENTIFIER=AMD64 Family 23 Model 104 Stepping 1, AuthenticAMD
TMP=C:\Users\user\AppData\Local\Temp
TEMP=C:\Users\user\AppData\Local\Temp




Periodic native trim disabled

JNI global refs:
JNI global refs: 11, weak refs: 10

JNI global refs memory usage: 835, weak refs: 833

Process memory usage:
Resident Set Size: 300708K (4% of 6133252K total physical memory with 156400K free physical memory)

OOME stack traces (most recent first):
Classloader memory used:
Loader jdk.internal.loader.ClassLoaders$AppClassLoader                                 : 46850K
Loader bootstrap                                                                       : 10959K
Loader java.net.URLClassLoader                                                         : 282K

---------------  S Y S T E M  ---------------

OS:
 Windows 11 , 64 bit Build 26100 (10.0.26100.8246)
OS uptime: 9 days 22:09 hours

CPU: total 12 (initial active 12) (12 cores per cpu, 2 threads per core) family 23 model 104 stepping 1 microcode 0x8608103, cx8, cmov, fxsr, ht, mmx, 3dnowpref, sse, sse2, sse3, ssse3, sse4a, sse4.1, sse4.2, popcnt, lzcnt, tsc, tscinvbit, avx, avx2, aes, clmul, bmi1, bmi2, adx, sha, fma, vzeroupper, clflush, clflushopt, rdtscp, rdpid, f16c
Processor Information for processor 0
  Max Mhz: 2100, Current Mhz: 1988, Mhz Limit: 2100
Processor Information for processor 1
  Max Mhz: 2100, Current Mhz: 2100, Mhz Limit: 2100
Processor Information for processor 2
  Max Mhz: 2100, Current Mhz: 2100, Mhz Limit: 2100
Processor Information for processor 3
  Max Mhz: 2100, Current Mhz: 1988, Mhz Limit: 2100
Processor Information for processor 4
  Max Mhz: 2100, Current Mhz: 2100, Mhz Limit: 2100
Processor Information for processor 5
  Max Mhz: 2100, Current Mhz: 2100, Mhz Limit: 2100
Processor Information for processor 6
  Max Mhz: 2100, Current Mhz: 2100, Mhz Limit: 2100
Processor Information for processor 7
  Max Mhz: 2100, Current Mhz: 1988, Mhz Limit: 2100
Processor Information for processor 8
  Max Mhz: 2100, Current Mhz: 2100, Mhz Limit: 2100
Processor Information for processor 9
  Max Mhz: 2100, Current Mhz: 1988, Mhz Limit: 2100
Processor Information for processor 10
  Max Mhz: 2100, Current Mhz: 2100, Mhz Limit: 2100
Processor Information for processor 11
  Max Mhz: 2100, Current Mhz: 2100, Mhz Limit: 2100

Memory: 4k page, system-wide physical 5989M (145M free)
TotalPageFile size 24421M (AvailPageFile size 105M)
current process WorkingSet (physical memory assigned to process): 293M, peak: 304M
current process commit charge ("private bytes"): 338M, peak: 435M

vm_info: OpenJDK 64-Bit Server VM (21.0.9+-14649483-b1163.86) for windows-amd64 JRE (21.0.9+-14649483-b1163.86), built on 2025-12-30T22:08:35Z by "builder" with MS VC++ 16.10 / 16.11 (VS2019)

END.
